exports[`test renders render 1`] = `
<button
  className="">
  test-label
</button>
`;
