exports[`test renders without crashing 1`] = `
<div
  className="tabs">
  <button
    className="active">
    Home
  </button>
  <button
    className="">
    About
  </button>
</div>
`;
